🔍 Visor - AI-powered code review tool
Configuration version: 1.0
🔧 Debug: Extracted checks from config: ["all"]
🔧 Debug: CLI checks specified: ["all"]
🔧 Debug: Config checks available: ["security","performance","style","architecture"]
Registered check provider: ai
Registered check provider: tool
Registered check provider: script
Registered check provider: webhook
📂 Repository: enable-config-file branch
📁 Files changed: 4
🔍 Analyzing local git repository...
🤖 Executing checks: all
🔧 Debug: executeReviewChecks called with checks: ["all"]
🔧 Debug: Config available: true, Config has checks: true
🔧 Debug: Using single check execution for: all
🔧 Debug: Using AI provider with focus mapping
Executing AI review with undefined provider...
Error executing checks: Error: No API key configured. Please set GOOGLE_API_KEY, ANTHROPIC_API_KEY, or OPENAI_API_KEY environment variable.
    at AIReviewService.executeReview (/Users/leonidbugaev/go/src/gates/dist/ai-review-service.js:86:23)
    at AICheckProvider.execute (/Users/leonidbugaev/go/src/gates/dist/providers/ai-check-provider.js:74:30)
    at CheckExecutionEngine.executeReviewChecks (/Users/leonidbugaev/go/src/gates/dist/check-execution-engine.js:117:35)
    at CheckExecutionEngine.executeChecks (/Users/leonidbugaev/go/src/gates/dist/check-execution-engine.js:41:46)
    at async main (/Users/leonidbugaev/go/src/gates/dist/cli-main.js:103:36)
{
  "summary": {
    "overallScore": 75,
    "totalIssues": 1,
    "criticalIssues": 0,
    "executionTime": 448,
    "timestamp": "2025-09-07T09:07:54.047Z",
    "checksExecuted": [
      "all"
    ]
  },
  "repository": {
    "title": "Error during analysis",
    "author": "system",
    "base": "main",
    "head": "HEAD",
    "isGitRepository": false,
    "workingDirectory": "/Users/leonidbugaev/go/src/gates",
    "filesChanged": 0,
    "totalAdditions": 0,
    "totalDeletions": 0
  },
  "issues": {
    "security": [],
    "performance": [],
    "style": [],
    "logic": [
      {
        "file": "system",
        "line": 0,
        "message": "No API key configured. Please set GOOGLE_API_KEY, ANTHROPIC_API_KEY, or OPENAI_API_KEY environment variable.",
        "severity": "error",
        "category": "logic"
      }
    ],
    "documentation": []
  },
  "suggestions": [
    "Error: No API key configured. Please set GOOGLE_API_KEY, ANTHROPIC_API_KEY, or OPENAI_API_KEY environment variable."
  ],
  "files": []
}
